================================================================
== Design Size Report
================================================================

* C-Synthesis has not completed!

* Total Instructions per Compilation Phase
+---------------+--------------+----------------------------------------------------------------------------------+
| Phase         | Instructions | Description                                                                      |
+---------------+--------------+----------------------------------------------------------------------------------+
| Compile/Link  | 7,857        | After all functions are compiled and linked into a single design                 |
| Unroll/Inline | pending      | After user unroll and inline pragmas are applied                                 |
| Array/Struct  |              | After user array partition and struct aggregate/disaggregate pragmas are applied |
| Performance   |              | After transformations are applied to meet performance pragma targets             |
| HW Transforms |              | After hardware transfomations                                                    |
+---------------+--------------+----------------------------------------------------------------------------------+

* Instructions per Function for each Compilation Phase
+-----------------------------------------+-----------------------------+----------------+
| Function                                | Location                    | Compile/Link   |
+-----------------------------------------+-----------------------------+----------------+
| + myproject                             | myproject.cpp:6             | 7,857          |
|  + zeropad2d_cl<nnet::array<ap_...      | nnet_padding_stream.h:48    |  454           |
|   + fill_zero<nnet::array<ap_fix...     | nnet_padding_stream.h:8     |  332 (4 calls) |
|      operator[]                         | nnet_types.h:17             |   12 (4 calls) |
|   + fill_data<nnet::array<ap_fix...     | nnet_padding_stream.h:18    |   44           |
|      operator[]                         | nnet_types.h:17             |    6 (2 calls) |
|  + conv_2d_cl<nnet::array<ap_fi...      | nnet_conv2d_stream.h:96     |  918           |
|   + conv_2d_buffer_cl<nnet::arra...     | nnet_conv2d_stream.h:68     |  916           |
|    + compute_output_buffer_2d<nne...    | nnet_conv_stream.h:256      |  859           |
|     + shift_line_buffer<nnet::arra...   | nnet_conv_stream.h:220      |  157           |
|        operator[]                       | nnet_types.h:19             |    3           |
|        kernel_shift_2d<nnet::array<...  | nnet_conv_stream.h:186      |   75           |
|     + dense_latency<ap_fixed<8, 3,...   | nnet_dense_latency.h:13     |  600           |
|        product                          | nnet_mult.h:70              |  141           |
|        cast<ap_fixed<8, 3, AP_TRN, ...  | nnet_mult.h:110             |    3           |
|       operator[]                        | nnet_types.h:17             |    3           |
|  + relu<nnet::array<ap_fixed<8,...      | nnet_activation_stream.h:39 |  215           |
|     operator[]                          | nnet_types.h:17             |   12 (4 calls) |
|  + pooling2d_cl<nnet::array<ap_...      | nnet_pooling_stream.h:253   |  431           |
|   + pooling2d_buffer_cl<nnet::ar...     | nnet_pooling_stream.h:232   |  429           |
|    + compute_pool_buffer_2d<nnet:...    | nnet_pooling_stream.h:166   |  371           |
|     + shift_line_buffer<nnet::arra...   | nnet_conv_stream.h:220      |  157           |
|        operator[]                       | nnet_types.h:19             |    3           |
|        kernel_shift_2d<nnet::array<...  | nnet_conv_stream.h:186      |   75           |
|     + reduce_pool<ap_fixed<8, 3, A...   | nnet_pooling_stream.h:17    |   92           |
|      + reduce<ap_fixed<8, 3, AP_TRN...  | nnet_common.h:36            |   89           |
|       + reduce<ap_fixed<8, 3, AP_TRN... | nnet_common.h:36            |   60 (2 calls) |
|          operator()                     | nnet_common.h:65            |   40 (2 calls) |
|         operator()                      | nnet_common.h:65            |   20           |
|       operator[]                        | nnet_types.h:17             |    3           |
|  + zeropad2d_cl<nnet::array<ap_...      | nnet_padding_stream.h:48    |  454           |
|   + fill_zero<nnet::array<ap_fix...     | nnet_padding_stream.h:8     |  332 (4 calls) |
|      operator[]                         | nnet_types.h:17             |   12 (4 calls) |
|   + fill_data<nnet::array<ap_fix...     | nnet_padding_stream.h:18    |   44           |
|      operator[]                         | nnet_types.h:17             |    6 (2 calls) |
|  + conv_2d_cl<nnet::array<ap_fi...      | nnet_conv2d_stream.h:96     |  918           |
|   + conv_2d_buffer_cl<nnet::arra...     | nnet_conv2d_stream.h:68     |  916           |
|    + compute_output_buffer_2d<nne...    | nnet_conv_stream.h:256      |  859           |
|     + shift_line_buffer<nnet::arra...   | nnet_conv_stream.h:220      |  157           |
|        operator[]                       | nnet_types.h:19             |    3           |
|        kernel_shift_2d<nnet::array<...  | nnet_conv_stream.h:186      |   75           |
|     + dense_latency<ap_fixed<8, 3,...   | nnet_dense_latency.h:13     |  600           |
|        product                          | nnet_mult.h:70              |  141           |
|        cast<ap_fixed<8, 3, AP_TRN, ...  | nnet_mult.h:110             |    3           |
|       operator[]                        | nnet_types.h:17             |    3           |
|  + relu<nnet::array<ap_fixed<8,...      | nnet_activation_stream.h:39 |  215           |
|     operator[]                          | nnet_types.h:17             |   12 (4 calls) |
|  + pooling2d_cl<nnet::array<ap_...      | nnet_pooling_stream.h:253   |  431           |
|   + pooling2d_buffer_cl<nnet::ar...     | nnet_pooling_stream.h:232   |  429           |
|    + compute_pool_buffer_2d<nnet:...    | nnet_pooling_stream.h:166   |  371           |
|     + shift_line_buffer<nnet::arra...   | nnet_conv_stream.h:220      |  157           |
|        operator[]                       | nnet_types.h:19             |    3           |
|        kernel_shift_2d<nnet::array<...  | nnet_conv_stream.h:186      |   75           |
|     + reduce_pool<ap_fixed<8, 3, A...   | nnet_pooling_stream.h:17    |   92           |
|      + reduce<ap_fixed<8, 3, AP_TRN...  | nnet_common.h:36            |   89           |
|       + reduce<ap_fixed<8, 3, AP_TRN... | nnet_common.h:36            |   60 (2 calls) |
|          operator()                     | nnet_common.h:65            |   40 (2 calls) |
|         operator()                      | nnet_common.h:65            |   20           |
|       operator[]                        | nnet_types.h:17             |    3           |
|  + zeropad2d_cl<nnet::array<ap_...      | nnet_padding_stream.h:48    |  454           |
|   + fill_zero<nnet::array<ap_fix...     | nnet_padding_stream.h:8     |  332 (4 calls) |
|      operator[]                         | nnet_types.h:17             |   12 (4 calls) |
|   + fill_data<nnet::array<ap_fix...     | nnet_padding_stream.h:18    |   44           |
|      operator[]                         | nnet_types.h:17             |    6 (2 calls) |
|  + conv_2d_cl<nnet::array<ap_fi...      | nnet_conv2d_stream.h:96     |  918           |
|   + conv_2d_buffer_cl<nnet::arra...     | nnet_conv2d_stream.h:68     |  916           |
|    + compute_output_buffer_2d<nne...    | nnet_conv_stream.h:256      |  859           |
|     + shift_line_buffer<nnet::arra...   | nnet_conv_stream.h:220      |  157           |
|        operator[]                       | nnet_types.h:19             |    3           |
|        kernel_shift_2d<nnet::array<...  | nnet_conv_stream.h:186      |   75           |
|     + dense_latency<ap_fixed<8, 3,...   | nnet_dense_latency.h:13     |  600           |
|        product                          | nnet_mult.h:70              |  141           |
|        cast<ap_fixed<8, 3, AP_TRN, ...  | nnet_mult.h:110             |    3           |
|       operator[]                        | nnet_types.h:17             |    3           |
|  + relu<nnet::array<ap_fixed<8,...      | nnet_activation_stream.h:39 |  215           |
|     operator[]                          | nnet_types.h:17             |   12 (4 calls) |
|  + pooling2d_cl<nnet::array<ap_...      | nnet_pooling_stream.h:253   |  431           |
|   + pooling2d_buffer_cl<nnet::ar...     | nnet_pooling_stream.h:232   |  429           |
|    + compute_pool_buffer_2d<nnet:...    | nnet_pooling_stream.h:166   |  371           |
|     + shift_line_buffer<nnet::arra...   | nnet_conv_stream.h:220      |  157           |
|        operator[]                       | nnet_types.h:19             |    3           |
|        kernel_shift_2d<nnet::array<...  | nnet_conv_stream.h:186      |   75           |
|     + reduce_pool<ap_fixed<8, 3, A...   | nnet_pooling_stream.h:17    |   92           |
|      + reduce<ap_fixed<8, 3, AP_TRN...  | nnet_common.h:36            |   89           |
|       + reduce<ap_fixed<8, 3, AP_TRN... | nnet_common.h:36            |   60 (2 calls) |
|          operator()                     | nnet_common.h:65            |   40 (2 calls) |
|         operator()                      | nnet_common.h:65            |   20           |
|       operator[]                        | nnet_types.h:17             |    3           |
|  + dense<nnet::array<ap_fixed<8...      | nnet_dense_stream.h:26      |  698           |
|     operator[]                          | nnet_types.h:17             |    6 (2 calls) |
|   + dense_wrapper<ap_fixed<8, 3,...     | nnet_dense_stream.h:13      |  602           |
|    + dense_latency<ap_fixed<8, 3,...    | nnet_dense_latency.h:13     |  600           |
|       product                           | nnet_mult.h:70              |  141           |
|       cast<ap_fixed<8, 3, AP_TRN, ...   | nnet_mult.h:110             |    3           |
|  + relu<nnet::array<ap_fixed<8,...      | nnet_activation_stream.h:39 |  215           |
|     operator[]                          | nnet_types.h:17             |   12 (4 calls) |
|  + dense<nnet::array<ap_fixed<8...      | nnet_dense_stream.h:26      |  698           |
|     operator[]                          | nnet_types.h:17             |    6 (2 calls) |
|   + dense_wrapper<ap_fixed<8, 3,...     | nnet_dense_stream.h:13      |  602           |
|    + dense_latency<ap_fixed<8, 3,...    | nnet_dense_latency.h:13     |  600           |
|       product                           | nnet_mult.h:70              |  141           |
|       cast<ap_fixed<8, 3, AP_TRN, ...   | nnet_mult.h:110             |    3           |
+-----------------------------------------+-----------------------------+----------------+

* Design Size Message Settings
+---------------------------------------------+--------+------------------------------------------------------------------+
| Message Setting                             | Value  | Description                                                      |
+---------------------------------------------+--------+------------------------------------------------------------------+
| config_compile -design_size_maximum_warning | 100000 | Show a warning when total design instructions exceeds this value |
+---------------------------------------------+--------+------------------------------------------------------------------+


