/homes/e24berti/Gesture_FPGA/hls_gesture_project/myproject_prj/solution1/.autopilot/db/myproject.pp.0.cpp:28527:7: warning: Added loop label VITIS_LOOP_1223_1:   [xilinx-label-all-loops]
      for (i = 0; i < __N - 1; ++i) {
      ^~~
      VITIS_LOOP_1223_1: 
/homes/e24berti/Gesture_FPGA/hls_gesture_project/myproject_prj/solution1/.autopilot/db/myproject.pp.0.cpp:28527:7: note: FIX-IT applied suggested code changes
/homes/e24berti/Gesture_FPGA/hls_gesture_project/myproject_prj/solution1/.autopilot/db/myproject.pp.0.cpp:29501:5: warning: Added loop label VITIS_LOOP_676_1:   [xilinx-label-all-loops]
    for (unsigned i = low; i != high; ++i) {
    ^~~
    VITIS_LOOP_676_1: 
/homes/e24berti/Gesture_FPGA/hls_gesture_project/myproject_prj/solution1/.autopilot/db/myproject.pp.0.cpp:29501:5: note: FIX-IT applied suggested code changes
/homes/e24berti/Gesture_FPGA/hls_gesture_project/myproject_prj/solution1/.autopilot/db/myproject.pp.0.cpp:29515:5: warning: Added loop label VITIS_LOOP_690_1:   [xilinx-label-all-loops]
    for (unsigned i = low; i != high; ++i) {
    ^~~
    VITIS_LOOP_690_1: 
/homes/e24berti/Gesture_FPGA/hls_gesture_project/myproject_prj/solution1/.autopilot/db/myproject.pp.0.cpp:29515:5: note: FIX-IT applied suggested code changes
/homes/e24berti/Gesture_FPGA/hls_gesture_project/myproject_prj/solution1/.autopilot/db/myproject.pp.0.cpp:29529:5: warning: Added loop label VITIS_LOOP_704_1:   [xilinx-label-all-loops]
    for (unsigned i = low; i != high; ++i) {
    ^~~
    VITIS_LOOP_704_1: 
/homes/e24berti/Gesture_FPGA/hls_gesture_project/myproject_prj/solution1/.autopilot/db/myproject.pp.0.cpp:29529:5: note: FIX-IT applied suggested code changes
/homes/e24berti/Gesture_FPGA/hls_gesture_project/myproject_prj/solution1/.autopilot/db/myproject.pp.0.cpp:31146:7: warning: Added loop label VITIS_LOOP_1247_1:   [xilinx-label-all-loops]
      for (i = 0; i < __N - 1; ++i) {
      ^~~
      VITIS_LOOP_1247_1: 
/homes/e24berti/Gesture_FPGA/hls_gesture_project/myproject_prj/solution1/.autopilot/db/myproject.pp.0.cpp:31146:7: note: FIX-IT applied suggested code changes
/homes/e24berti/Gesture_FPGA/hls_gesture_project/myproject_prj/solution1/.autopilot/db/myproject.pp.0.cpp:33129:9: warning: Added loop label VITIS_LOOP_27_1:   [xilinx-label-all-loops]
        for (unsigned i = 0; i < N; i++) {
        ^~~
        VITIS_LOOP_27_1: 
/homes/e24berti/Gesture_FPGA/hls_gesture_project/myproject_prj/solution1/.autopilot/db/myproject.pp.0.cpp:33129:9: note: FIX-IT applied suggested code changes
/homes/e24berti/Gesture_FPGA/hls_gesture_project/myproject_prj/solution1/.autopilot/db/myproject.pp.0.cpp:33142:9: warning: Added loop label VITIS_LOOP_40_1:   [xilinx-label-all-loops]
        for (size_t i = 0; i < N; i++) {
        ^~~
        VITIS_LOOP_40_1: 
/homes/e24berti/Gesture_FPGA/hls_gesture_project/myproject_prj/solution1/.autopilot/db/myproject.pp.0.cpp:33142:9: note: FIX-IT applied suggested code changes
/homes/e24berti/Gesture_FPGA/hls_gesture_project/myproject_prj/solution1/.autopilot/db/myproject.pp.0.cpp:56333:5: warning: Added loop label VITIS_LOOP_265_1:   [xilinx-label-all-loops]
    for (typename std::vector<src_T>::const_iterator i = in_begin; i != in_end; ++i) {
    ^~~
    VITIS_LOOP_265_1: 
/homes/e24berti/Gesture_FPGA/hls_gesture_project/myproject_prj/solution1/.autopilot/db/myproject.pp.0.cpp:56333:5: note: FIX-IT applied suggested code changes
/homes/e24berti/Gesture_FPGA/hls_gesture_project/myproject_prj/solution1/.autopilot/db/myproject.pp.0.cpp:56343:5: warning: Added loop label VITIS_LOOP_275_1:   [xilinx-label-all-loops]
    for (auto i = 0; i < SIZE; i++)
    ^~~
    VITIS_LOOP_275_1: 
/homes/e24berti/Gesture_FPGA/hls_gesture_project/myproject_prj/solution1/.autopilot/db/myproject.pp.0.cpp:56343:5: note: FIX-IT applied suggested code changes
/homes/e24berti/Gesture_FPGA/hls_gesture_project/myproject_prj/solution1/.autopilot/db/myproject.pp.0.cpp:56354:5: warning: Added loop label VITIS_LOOP_286_1:   [xilinx-label-all-loops]
    for (int i = 0; i < SIZE; i++) {
    ^~~
    VITIS_LOOP_286_1: 
/homes/e24berti/Gesture_FPGA/hls_gesture_project/myproject_prj/solution1/.autopilot/db/myproject.pp.0.cpp:56354:5: note: FIX-IT applied suggested code changes
/homes/e24berti/Gesture_FPGA/hls_gesture_project/myproject_prj/solution1/.autopilot/db/myproject.pp.0.cpp:56361:5: warning: Added loop label VITIS_LOOP_293_1:   [xilinx-label-all-loops]
    for (int i = 0; i < SIZE / res_T::size; i++) {
    ^~~
    VITIS_LOOP_293_1: 
/homes/e24berti/Gesture_FPGA/hls_gesture_project/myproject_prj/solution1/.autopilot/db/myproject.pp.0.cpp:56361:5: note: FIX-IT applied suggested code changes
/homes/e24berti/Gesture_FPGA/hls_gesture_project/myproject_prj/solution1/.autopilot/db/myproject.pp.0.cpp:56363:9: warning: Added loop label VITIS_LOOP_295_2:   [xilinx-label-all-loops]
        for (int j = 0; j < res_T::size; j++) {
        ^~~
        VITIS_LOOP_295_2: 
/homes/e24berti/Gesture_FPGA/hls_gesture_project/myproject_prj/solution1/.autopilot/db/myproject.pp.0.cpp:56363:9: note: FIX-IT applied suggested code changes
/homes/e24berti/Gesture_FPGA/hls_gesture_project/myproject_prj/solution1/.autopilot/db/myproject.pp.0.cpp:56375:5: warning: Added loop label VITIS_LOOP_307_1:   [xilinx-label-all-loops]
    for (int i = 0; i < SIZE / data_T::size; i++) {
    ^~~
    VITIS_LOOP_307_1: 
/homes/e24berti/Gesture_FPGA/hls_gesture_project/myproject_prj/solution1/.autopilot/db/myproject.pp.0.cpp:56375:5: note: FIX-IT applied suggested code changes
/homes/e24berti/Gesture_FPGA/hls_gesture_project/myproject_prj/solution1/.autopilot/db/myproject.pp.0.cpp:56377:9: warning: Added loop label VITIS_LOOP_309_2:   [xilinx-label-all-loops]
        for (int j = 0; j < data_T::size; j++) {
        ^~~
        VITIS_LOOP_309_2: 
/homes/e24berti/Gesture_FPGA/hls_gesture_project/myproject_prj/solution1/.autopilot/db/myproject.pp.0.cpp:56377:9: note: FIX-IT applied suggested code changes
/homes/e24berti/Gesture_FPGA/hls_gesture_project/myproject_prj/solution1/.autopilot/db/myproject.pp.0.cpp:56392:5: warning: Added loop label VITIS_LOOP_324_1:   [xilinx-label-all-loops]
    for (int ii = 0; ii < nrows; ii++) {
    ^~~
    VITIS_LOOP_324_1: 
/homes/e24berti/Gesture_FPGA/hls_gesture_project/myproject_prj/solution1/.autopilot/db/myproject.pp.0.cpp:56392:5: note: FIX-IT applied suggested code changes
/homes/e24berti/Gesture_FPGA/hls_gesture_project/myproject_prj/solution1/.autopilot/db/myproject.pp.0.cpp:56412:5: warning: Added loop label VITIS_LOOP_344_1:   [xilinx-label-all-loops]
    for (int ii = 0; ii < nrows; ii++) {
    ^~~
    VITIS_LOOP_344_1: 
/homes/e24berti/Gesture_FPGA/hls_gesture_project/myproject_prj/solution1/.autopilot/db/myproject.pp.0.cpp:56412:5: note: FIX-IT applied suggested code changes
/homes/e24berti/Gesture_FPGA/hls_gesture_project/myproject_prj/solution1/.autopilot/db/myproject.pp.0.cpp:56413:9: warning: Added loop label VITIS_LOOP_345_2:   [xilinx-label-all-loops]
        for (int jj = 0; jj < ncols; jj++) {
        ^~~
        VITIS_LOOP_345_2: 
/homes/e24berti/Gesture_FPGA/hls_gesture_project/myproject_prj/solution1/.autopilot/db/myproject.pp.0.cpp:56413:9: note: FIX-IT applied suggested code changes
/homes/e24berti/Gesture_FPGA/hls_gesture_project/myproject_prj/solution1/.autopilot/db/myproject.pp.0.cpp:56428:5: warning: Added loop label VITIS_LOOP_360_1:   [xilinx-label-all-loops]
    for (int ii = 0; ii < N_IN; ii++) {
    ^~~
    VITIS_LOOP_360_1: 
/homes/e24berti/Gesture_FPGA/hls_gesture_project/myproject_prj/solution1/.autopilot/db/myproject.pp.0.cpp:56428:5: note: FIX-IT applied suggested code changes
/homes/e24berti/Gesture_FPGA/hls_gesture_project/myproject_prj/solution1/.autopilot/db/myproject.pp.0.cpp:56435:5: warning: Added loop label VITIS_LOOP_367_1:   [xilinx-label-all-loops]
    for (int ii = 0; ii < N_IN; ii++) {
    ^~~
    VITIS_LOOP_367_1: 
/homes/e24berti/Gesture_FPGA/hls_gesture_project/myproject_prj/solution1/.autopilot/db/myproject.pp.0.cpp:56435:5: note: FIX-IT applied suggested code changes
/homes/e24berti/Gesture_FPGA/hls_gesture_project/myproject_prj/solution1/.autopilot/db/myproject.pp.0.cpp:56558:2: warning: Added loop label VITIS_LOOP_31_1:   [xilinx-label-all-loops]
 for (int ii = 0; ii < CONFIG_T::n_in; ii++) {
 ^~~
 VITIS_LOOP_31_1: 
/homes/e24berti/Gesture_FPGA/hls_gesture_project/myproject_prj/solution1/.autopilot/db/myproject.pp.0.cpp:56558:2: note: FIX-IT applied suggested code changes
/homes/e24berti/Gesture_FPGA/hls_gesture_project/myproject_prj/solution1/.autopilot/db/myproject.pp.0.cpp:56570:5: warning: Added loop label VITIS_LOOP_43_1:   [xilinx-label-all-loops]
    for (int ii = 0; ii < CONFIG_T::n_in; ii++) {
    ^~~
    VITIS_LOOP_43_1: 
/homes/e24berti/Gesture_FPGA/hls_gesture_project/myproject_prj/solution1/.autopilot/db/myproject.pp.0.cpp:56570:5: note: FIX-IT applied suggested code changes
/homes/e24berti/Gesture_FPGA/hls_gesture_project/myproject_prj/solution1/.autopilot/db/myproject.pp.0.cpp:56584:5: warning: Added loop label VITIS_LOOP_57_1:   [xilinx-label-all-loops]
    for (int ii = 0; ii < CONFIG_T::n_in; ii++) {
    ^~~
    VITIS_LOOP_57_1: 
/homes/e24berti/Gesture_FPGA/hls_gesture_project/myproject_prj/solution1/.autopilot/db/myproject.pp.0.cpp:56584:5: note: FIX-IT applied suggested code changes
/homes/e24berti/Gesture_FPGA/hls_gesture_project/myproject_prj/solution1/.autopilot/db/myproject.pp.0.cpp:56611:5: warning: Added loop label VITIS_LOOP_84_1:   [xilinx-label-all-loops]
    for (int ii = 0; ii < N_TABLE; ii++) {
    ^~~
    VITIS_LOOP_84_1: 
/homes/e24berti/Gesture_FPGA/hls_gesture_project/myproject_prj/solution1/.autopilot/db/myproject.pp.0.cpp:56611:5: note: FIX-IT applied suggested code changes
/homes/e24berti/Gesture_FPGA/hls_gesture_project/myproject_prj/solution1/.autopilot/db/myproject.pp.0.cpp:56641:5: warning: Added loop label VITIS_LOOP_114_1:   [xilinx-label-all-loops]
    for (int ii = 0; ii < CONFIG_T::n_in; ii++) {
    ^~~
    VITIS_LOOP_114_1: 
/homes/e24berti/Gesture_FPGA/hls_gesture_project/myproject_prj/solution1/.autopilot/db/myproject.pp.0.cpp:56641:5: note: FIX-IT applied suggested code changes
/homes/e24berti/Gesture_FPGA/hls_gesture_project/myproject_prj/solution1/.autopilot/db/myproject.pp.0.cpp:56678:5: warning: Added loop label VITIS_LOOP_151_1:   [xilinx-label-all-loops]
    for (unsigned i = 0; i < CONFIG_T::table_size; i++) {
    ^~~
    VITIS_LOOP_151_1: 
/homes/e24berti/Gesture_FPGA/hls_gesture_project/myproject_prj/solution1/.autopilot/db/myproject.pp.0.cpp:56678:5: note: FIX-IT applied suggested code changes
/homes/e24berti/Gesture_FPGA/hls_gesture_project/myproject_prj/solution1/.autopilot/db/myproject.pp.0.cpp:56689:5: warning: Added loop label VITIS_LOOP_162_1:   [xilinx-label-all-loops]
    for (unsigned i = 0; i < CONFIG_T::table_size; i++) {
    ^~~
    VITIS_LOOP_162_1: 
/homes/e24berti/Gesture_FPGA/hls_gesture_project/myproject_prj/solution1/.autopilot/db/myproject.pp.0.cpp:56689:5: note: FIX-IT applied suggested code changes
/homes/e24berti/Gesture_FPGA/hls_gesture_project/myproject_prj/solution1/.autopilot/db/myproject.pp.0.cpp:56722:5: warning: Added loop label VITIS_LOOP_195_1:   [xilinx-label-all-loops]
    for (unsigned i = 0; i < CONFIG_T::n_in; i++) {
    ^~~
    VITIS_LOOP_195_1: 
/homes/e24berti/Gesture_FPGA/hls_gesture_project/myproject_prj/solution1/.autopilot/db/myproject.pp.0.cpp:56722:5: note: FIX-IT applied suggested code changes
/homes/e24berti/Gesture_FPGA/hls_gesture_project/myproject_prj/solution1/.autopilot/db/myproject.pp.0.cpp:56736:5: warning: Added loop label VITIS_LOOP_209_2:   [xilinx-label-all-loops]
    for (unsigned i = 0; i < CONFIG_T::n_in; i++) {
    ^~~
    VITIS_LOOP_209_2: 
/homes/e24berti/Gesture_FPGA/hls_gesture_project/myproject_prj/solution1/.autopilot/db/myproject.pp.0.cpp:56736:5: note: FIX-IT applied suggested code changes
/homes/e24berti/Gesture_FPGA/hls_gesture_project/myproject_prj/solution1/.autopilot/db/myproject.pp.0.cpp:56770:5: warning: Added loop label VITIS_LOOP_243_1:   [xilinx-label-all-loops]
    for (unsigned i = 0; i < CONFIG_T::n_in; i++) {
    ^~~
    VITIS_LOOP_243_1: 
/homes/e24berti/Gesture_FPGA/hls_gesture_project/myproject_prj/solution1/.autopilot/db/myproject.pp.0.cpp:56770:5: note: FIX-IT applied suggested code changes
/homes/e24berti/Gesture_FPGA/hls_gesture_project/myproject_prj/solution1/.autopilot/db/myproject.pp.0.cpp:56779:5: warning: Added loop label VITIS_LOOP_252_2:   [xilinx-label-all-loops]
    for (unsigned i = 0; i < CONFIG_T::n_in; i++) {
    ^~~
    VITIS_LOOP_252_2: 
/homes/e24berti/Gesture_FPGA/hls_gesture_project/myproject_prj/solution1/.autopilot/db/myproject.pp.0.cpp:56779:5: note: FIX-IT applied suggested code changes
/homes/e24berti/Gesture_FPGA/hls_gesture_project/myproject_prj/solution1/.autopilot/db/myproject.pp.0.cpp:56793:5: warning: Added loop label VITIS_LOOP_266_3:   [xilinx-label-all-loops]
    for (unsigned i = 0; i < CONFIG_T::n_in; i++) {
    ^~~
    VITIS_LOOP_266_3: 
/homes/e24berti/Gesture_FPGA/hls_gesture_project/myproject_prj/solution1/.autopilot/db/myproject.pp.0.cpp:56793:5: note: FIX-IT applied suggested code changes
/homes/e24berti/Gesture_FPGA/hls_gesture_project/myproject_prj/solution1/.autopilot/db/myproject.pp.0.cpp:56800:5: warning: Added loop label VITIS_LOOP_273_1:   [xilinx-label-all-loops]
    for (int ii = 0; ii < N_TABLE; ii++) {
    ^~~
    VITIS_LOOP_273_1: 
/homes/e24berti/Gesture_FPGA/hls_gesture_project/myproject_prj/solution1/.autopilot/db/myproject.pp.0.cpp:56800:5: note: FIX-IT applied suggested code changes
/homes/e24berti/Gesture_FPGA/hls_gesture_project/myproject_prj/solution1/.autopilot/db/myproject.pp.0.cpp:56813:5: warning: Added loop label VITIS_LOOP_286_1:   [xilinx-label-all-loops]
    for (int ii = 0; ii < N_TABLE; ii++) {
    ^~~
    VITIS_LOOP_286_1: 
/homes/e24berti/Gesture_FPGA/hls_gesture_project/myproject_prj/solution1/.autopilot/db/myproject.pp.0.cpp:56813:5: note: FIX-IT applied suggested code changes
/homes/e24berti/Gesture_FPGA/hls_gesture_project/myproject_prj/solution1/.autopilot/db/myproject.pp.0.cpp:56850:5: warning: Added loop label VITIS_LOOP_323_1:   [xilinx-label-all-loops]
    for (int ii = 0; ii < CONFIG_T::n_in; ii++) {
    ^~~
    VITIS_LOOP_323_1: 
/homes/e24berti/Gesture_FPGA/hls_gesture_project/myproject_prj/solution1/.autopilot/db/myproject.pp.0.cpp:56850:5: note: FIX-IT applied suggested code changes
/homes/e24berti/Gesture_FPGA/hls_gesture_project/myproject_prj/solution1/.autopilot/db/myproject.pp.0.cpp:56855:5: warning: Added loop label VITIS_LOOP_328_2:   [xilinx-label-all-loops]
    for (int ii = 0; ii < CONFIG_T::n_in; ii++) {
    ^~~
    VITIS_LOOP_328_2: 
/homes/e24berti/Gesture_FPGA/hls_gesture_project/myproject_prj/solution1/.autopilot/db/myproject.pp.0.cpp:56855:5: note: FIX-IT applied suggested code changes
/homes/e24berti/Gesture_FPGA/hls_gesture_project/myproject_prj/solution1/.autopilot/db/myproject.pp.0.cpp:56856:9: warning: Added loop label VITIS_LOOP_329_3:   [xilinx-label-all-loops]
        for (int jj = 0; jj < CONFIG_T::n_in; jj++) {
        ^~~
        VITIS_LOOP_329_3: 
/homes/e24berti/Gesture_FPGA/hls_gesture_project/myproject_prj/solution1/.autopilot/db/myproject.pp.0.cpp:56856:9: note: FIX-IT applied suggested code changes
/homes/e24berti/Gesture_FPGA/hls_gesture_project/myproject_prj/solution1/.autopilot/db/myproject.pp.0.cpp:56873:5: warning: Added loop label VITIS_LOOP_346_4:   [xilinx-label-all-loops]
    for (int ii = 0; ii < CONFIG_T::n_in; ii++) {
    ^~~
    VITIS_LOOP_346_4: 
/homes/e24berti/Gesture_FPGA/hls_gesture_project/myproject_prj/solution1/.autopilot/db/myproject.pp.0.cpp:56873:5: note: FIX-IT applied suggested code changes
/homes/e24berti/Gesture_FPGA/hls_gesture_project/myproject_prj/solution1/.autopilot/db/myproject.pp.0.cpp:56886:5: warning: Added loop label VITIS_LOOP_359_1:   [xilinx-label-all-loops]
    for (int i = 0; i < CONFIG_T::n_in; i++) {
    ^~~
    VITIS_LOOP_359_1: 
/homes/e24berti/Gesture_FPGA/hls_gesture_project/myproject_prj/solution1/.autopilot/db/myproject.pp.0.cpp:56886:5: note: FIX-IT applied suggested code changes
/homes/e24berti/Gesture_FPGA/hls_gesture_project/myproject_prj/solution1/.autopilot/db/myproject.pp.0.cpp:56894:5: warning: Added loop label VITIS_LOOP_367_2:   [xilinx-label-all-loops]
    for (int i = 1; i < CONFIG_T::n_in; i++) {
    ^~~
    VITIS_LOOP_367_2: 
/homes/e24berti/Gesture_FPGA/hls_gesture_project/myproject_prj/solution1/.autopilot/db/myproject.pp.0.cpp:56894:5: note: FIX-IT applied suggested code changes
/homes/e24berti/Gesture_FPGA/hls_gesture_project/myproject_prj/solution1/.autopilot/db/myproject.pp.0.cpp:56929:5: warning: Added loop label VITIS_LOOP_402_1:   [xilinx-label-all-loops]
    for (int ii = 0; ii < N_TABLE; ii++) {
    ^~~
    VITIS_LOOP_402_1: 
/homes/e24berti/Gesture_FPGA/hls_gesture_project/myproject_prj/solution1/.autopilot/db/myproject.pp.0.cpp:56929:5: note: FIX-IT applied suggested code changes
/homes/e24berti/Gesture_FPGA/hls_gesture_project/myproject_prj/solution1/.autopilot/db/myproject.pp.0.cpp:56959:5: warning: Added loop label VITIS_LOOP_432_1:   [xilinx-label-all-loops]
    for (int ii = 0; ii < CONFIG_T::n_in; ii++) {
    ^~~
    VITIS_LOOP_432_1: 
/homes/e24berti/Gesture_FPGA/hls_gesture_project/myproject_prj/solution1/.autopilot/db/myproject.pp.0.cpp:56959:5: note: FIX-IT applied suggested code changes
/homes/e24berti/Gesture_FPGA/hls_gesture_project/myproject_prj/solution1/.autopilot/db/myproject.pp.0.cpp:56978:2: warning: Added loop label VITIS_LOOP_451_1:   [xilinx-label-all-loops]
 for (int ii = 0; ii < CONFIG_T::n_in; ii++) {
 ^~~
 VITIS_LOOP_451_1: 
/homes/e24berti/Gesture_FPGA/hls_gesture_project/myproject_prj/solution1/.autopilot/db/myproject.pp.0.cpp:56978:2: note: FIX-IT applied suggested code changes
/homes/e24berti/Gesture_FPGA/hls_gesture_project/myproject_prj/solution1/.autopilot/db/myproject.pp.0.cpp:56994:5: warning: Added loop label VITIS_LOOP_467_1:   [xilinx-label-all-loops]
    for (int ii = 0; ii < CONFIG_T::n_in; ii++) {
    ^~~
    VITIS_LOOP_467_1: 
/homes/e24berti/Gesture_FPGA/hls_gesture_project/myproject_prj/solution1/.autopilot/db/myproject.pp.0.cpp:56994:5: note: FIX-IT applied suggested code changes
/homes/e24berti/Gesture_FPGA/hls_gesture_project/myproject_prj/solution1/.autopilot/db/myproject.pp.0.cpp:57012:5: warning: Added loop label VITIS_LOOP_485_1:   [xilinx-label-all-loops]
    for (int ii = 0; ii < CONFIG_T::n_in; ii++) {
    ^~~
    VITIS_LOOP_485_1: 
/homes/e24berti/Gesture_FPGA/hls_gesture_project/myproject_prj/solution1/.autopilot/db/myproject.pp.0.cpp:57012:5: note: FIX-IT applied suggested code changes
/homes/e24berti/Gesture_FPGA/hls_gesture_project/myproject_prj/solution1/.autopilot/db/myproject.pp.0.cpp:57029:5: warning: Added loop label VITIS_LOOP_502_1:   [xilinx-label-all-loops]
    for (int ii = 0; ii < CONFIG_T::n_in; ii++) {
    ^~~
    VITIS_LOOP_502_1: 
/homes/e24berti/Gesture_FPGA/hls_gesture_project/myproject_prj/solution1/.autopilot/db/myproject.pp.0.cpp:57029:5: note: FIX-IT applied suggested code changes
/homes/e24berti/Gesture_FPGA/hls_gesture_project/myproject_prj/solution1/.autopilot/db/myproject.pp.0.cpp:57046:5: warning: Added loop label VITIS_LOOP_519_1:   [xilinx-label-all-loops]
    for (int ii = 0; ii < N_TABLE; ii++) {
    ^~~
    VITIS_LOOP_519_1: 
/homes/e24berti/Gesture_FPGA/hls_gesture_project/myproject_prj/solution1/.autopilot/db/myproject.pp.0.cpp:57046:5: note: FIX-IT applied suggested code changes
/homes/e24berti/Gesture_FPGA/hls_gesture_project/myproject_prj/solution1/.autopilot/db/myproject.pp.0.cpp:57076:5: warning: Added loop label VITIS_LOOP_549_1:   [xilinx-label-all-loops]
    for (int ii = 0; ii < CONFIG_T::n_in; ii++) {
    ^~~
    VITIS_LOOP_549_1: 
/homes/e24berti/Gesture_FPGA/hls_gesture_project/myproject_prj/solution1/.autopilot/db/myproject.pp.0.cpp:57076:5: note: FIX-IT applied suggested code changes
/homes/e24berti/Gesture_FPGA/hls_gesture_project/myproject_prj/solution1/.autopilot/db/myproject.pp.0.cpp:57095:5: warning: Added loop label VITIS_LOOP_568_1:   [xilinx-label-all-loops]
    for (int ii = 0; ii < N_TABLE; ii++) {
    ^~~
    VITIS_LOOP_568_1: 
/homes/e24berti/Gesture_FPGA/hls_gesture_project/myproject_prj/solution1/.autopilot/db/myproject.pp.0.cpp:57095:5: note: FIX-IT applied suggested code changes
/homes/e24berti/Gesture_FPGA/hls_gesture_project/myproject_prj/solution1/.autopilot/db/myproject.pp.0.cpp:57125:5: warning: Added loop label VITIS_LOOP_598_1:   [xilinx-label-all-loops]
    for (int ii = 0; ii < CONFIG_T::n_in; ii++) {
    ^~~
    VITIS_LOOP_598_1: 
/homes/e24berti/Gesture_FPGA/hls_gesture_project/myproject_prj/solution1/.autopilot/db/myproject.pp.0.cpp:57125:5: note: FIX-IT applied suggested code changes
/homes/e24berti/Gesture_FPGA/hls_gesture_project/myproject_prj/solution1/.autopilot/db/myproject.pp.0.cpp:57144:5: warning: Added loop label VITIS_LOOP_617_1:   [xilinx-label-all-loops]
    for (int ii = 0; ii < N_TABLE; ii++) {
    ^~~
    VITIS_LOOP_617_1: 
/homes/e24berti/Gesture_FPGA/hls_gesture_project/myproject_prj/solution1/.autopilot/db/myproject.pp.0.cpp:57144:5: note: FIX-IT applied suggested code changes
/homes/e24berti/Gesture_FPGA/hls_gesture_project/myproject_prj/solution1/.autopilot/db/myproject.pp.0.cpp:57174:5: warning: Added loop label VITIS_LOOP_647_1:   [xilinx-label-all-loops]
    for (int ii = 0; ii < CONFIG_T::n_in; ii++) {
    ^~~
    VITIS_LOOP_647_1: 
/homes/e24berti/Gesture_FPGA/hls_gesture_project/myproject_prj/solution1/.autopilot/db/myproject.pp.0.cpp:57174:5: note: FIX-IT applied suggested code changes
/homes/e24berti/Gesture_FPGA/hls_gesture_project/myproject_prj/solution1/.autopilot/db/myproject.pp.0.cpp:57201:5: warning: Added loop label VITIS_LOOP_674_1:   [xilinx-label-all-loops]
    for (int ii = 0; ii < N_TABLE; ii++) {
    ^~~
    VITIS_LOOP_674_1: 
/homes/e24berti/Gesture_FPGA/hls_gesture_project/myproject_prj/solution1/.autopilot/db/myproject.pp.0.cpp:57201:5: note: FIX-IT applied suggested code changes
/homes/e24berti/Gesture_FPGA/hls_gesture_project/myproject_prj/solution1/.autopilot/db/myproject.pp.0.cpp:57230:5: warning: Added loop label VITIS_LOOP_703_1:   [xilinx-label-all-loops]
    for (int ii = 0; ii < CONFIG_T::n_in; ii++) {
    ^~~
    VITIS_LOOP_703_1: 
/homes/e24berti/Gesture_FPGA/hls_gesture_project/myproject_prj/solution1/.autopilot/db/myproject.pp.0.cpp:57230:5: note: FIX-IT applied suggested code changes
/homes/e24berti/Gesture_FPGA/hls_gesture_project/myproject_prj/solution1/.autopilot/db/myproject.pp.0.cpp:57251:5: warning: Added loop label VITIS_LOOP_724_1:   [xilinx-label-all-loops]
    for (int ii = 0; ii < CONFIG_T::n_in; ii++) {
    ^~~
    VITIS_LOOP_724_1: 
/homes/e24berti/Gesture_FPGA/hls_gesture_project/myproject_prj/solution1/.autopilot/db/myproject.pp.0.cpp:57251:5: note: FIX-IT applied suggested code changes
/homes/e24berti/Gesture_FPGA/hls_gesture_project/myproject_prj/solution1/.autopilot/db/myproject.pp.0.cpp:57269:5: warning: Added loop label VITIS_LOOP_742_1:   [xilinx-label-all-loops]
    for (int ii = 0; ii < CONFIG_T::n_in; ii++) {
    ^~~
    VITIS_LOOP_742_1: 
/homes/e24berti/Gesture_FPGA/hls_gesture_project/myproject_prj/solution1/.autopilot/db/myproject.pp.0.cpp:57269:5: note: FIX-IT applied suggested code changes
/homes/e24berti/Gesture_FPGA/hls_gesture_project/myproject_prj/solution1/.autopilot/db/myproject.pp.0.cpp:57289:5: warning: Added loop label VITIS_LOOP_762_1:   [xilinx-label-all-loops]
    for (int ii = 0; ii < CONFIG_T::n_in; ii++) {
    ^~~
    VITIS_LOOP_762_1: 
/homes/e24berti/Gesture_FPGA/hls_gesture_project/myproject_prj/solution1/.autopilot/db/myproject.pp.0.cpp:57289:5: note: FIX-IT applied suggested code changes
/homes/e24berti/Gesture_FPGA/hls_gesture_project/myproject_prj/solution1/.autopilot/db/myproject.pp.0.cpp:57385:9: warning: Added loop label VITIS_LOOP_73_1:   [xilinx-label-all-loops]
        for (int i = 0; i < N / data_T::size; i++) {
        ^~~
        VITIS_LOOP_73_1: 
/homes/e24berti/Gesture_FPGA/hls_gesture_project/myproject_prj/solution1/.autopilot/db/myproject.pp.0.cpp:57385:9: note: FIX-IT applied suggested code changes
/homes/e24berti/Gesture_FPGA/hls_gesture_project/myproject_prj/solution1/.autopilot/db/myproject.pp.0.cpp:57392:13: warning: Added loop label VITIS_LOOP_80_2:   [xilinx-label-all-loops]
            for (int j = 0; j < data_T::size; j++) {
            ^~~
            VITIS_LOOP_80_2: 
/homes/e24berti/Gesture_FPGA/hls_gesture_project/myproject_prj/solution1/.autopilot/db/myproject.pp.0.cpp:57392:13: note: FIX-IT applied suggested code changes
/homes/e24berti/Gesture_FPGA/hls_gesture_project/myproject_prj/solution1/.autopilot/db/myproject.pp.0.cpp:57401:9: warning: Added loop label VITIS_LOOP_89_3:   [xilinx-label-all-loops]
        for (int i = 0; i < N / data_T::size; i++) {
        ^~~
        VITIS_LOOP_89_3: 
/homes/e24berti/Gesture_FPGA/hls_gesture_project/myproject_prj/solution1/.autopilot/db/myproject.pp.0.cpp:57401:9: note: FIX-IT applied suggested code changes
/homes/e24berti/Gesture_FPGA/hls_gesture_project/myproject_prj/solution1/.autopilot/db/myproject.pp.0.cpp:57410:13: warning: Added loop label VITIS_LOOP_98_4:   [xilinx-label-all-loops]
            for (int j = 0; j < pack_diff; j++) {
            ^~~
            VITIS_LOOP_98_4: 
/homes/e24berti/Gesture_FPGA/hls_gesture_project/myproject_prj/solution1/.autopilot/db/myproject.pp.0.cpp:57410:13: note: FIX-IT applied suggested code changes
/homes/e24berti/Gesture_FPGA/hls_gesture_project/myproject_prj/solution1/.autopilot/db/myproject.pp.0.cpp:57414:17: warning: Added loop label VITIS_LOOP_102_5:   [xilinx-label-all-loops]
                for (int k = 0; k < res_T::size; k++) {
                ^~~
                VITIS_LOOP_102_5: 
/homes/e24berti/Gesture_FPGA/hls_gesture_project/myproject_prj/solution1/.autopilot/db/myproject.pp.0.cpp:57414:17: note: FIX-IT applied suggested code changes
/homes/e24berti/Gesture_FPGA/hls_gesture_project/myproject_prj/solution1/.autopilot/db/myproject.pp.0.cpp:57425:9: warning: Added loop label VITIS_LOOP_113_6:   [xilinx-label-all-loops]
        for (int i = 0; i < N / data_T::size; i++) {
        ^~~
        VITIS_LOOP_113_6: 
/homes/e24berti/Gesture_FPGA/hls_gesture_project/myproject_prj/solution1/.autopilot/db/myproject.pp.0.cpp:57425:9: note: FIX-IT applied suggested code changes
/homes/e24berti/Gesture_FPGA/hls_gesture_project/myproject_prj/solution1/.autopilot/db/myproject.pp.0.cpp:57429:13: warning: Added loop label VITIS_LOOP_117_7:   [xilinx-label-all-loops]
            for (int j = 0; j < data_T::size; j++) {
            ^~~
            VITIS_LOOP_117_7: 
/homes/e24berti/Gesture_FPGA/hls_gesture_project/myproject_prj/solution1/.autopilot/db/myproject.pp.0.cpp:57429:13: note: FIX-IT applied suggested code changes
/homes/e24berti/Gesture_FPGA/hls_gesture_project/myproject_prj/solution1/.autopilot/db/myproject.pp.0.cpp:57453:9: warning: Added loop label VITIS_LOOP_141_1:   [xilinx-label-all-loops]
        for (int j = 0; j < n_dupl; j++) {
        ^~~
        VITIS_LOOP_141_1: 
/homes/e24berti/Gesture_FPGA/hls_gesture_project/myproject_prj/solution1/.autopilot/db/myproject.pp.0.cpp:57453:9: note: FIX-IT applied suggested code changes
/homes/e24berti/Gesture_FPGA/hls_gesture_project/myproject_prj/solution1/.autopilot/db/myproject.pp.0.cpp:57457:13: warning: Added loop label VITIS_LOOP_145_2:   [xilinx-label-all-loops]
            for (int k = 0; k < res_T::size; k++) {
            ^~~
            VITIS_LOOP_145_2: 
/homes/e24berti/Gesture_FPGA/hls_gesture_project/myproject_prj/solution1/.autopilot/db/myproject.pp.0.cpp:57457:13: note: FIX-IT applied suggested code changes
/homes/e24berti/Gesture_FPGA/hls_gesture_project/myproject_prj/solution1/.autopilot/db/myproject.pp.0.cpp:57476:9: warning: Added loop label VITIS_LOOP_164_1:   [xilinx-label-all-loops]
        for (int k = 0; k < res_T::size; k++) {
        ^~~
        VITIS_LOOP_164_1: 
/homes/e24berti/Gesture_FPGA/hls_gesture_project/myproject_prj/solution1/.autopilot/db/myproject.pp.0.cpp:57476:9: note: FIX-IT applied suggested code changes
/homes/e24berti/Gesture_FPGA/hls_gesture_project/myproject_prj/solution1/.autopilot/db/myproject.pp.0.cpp:57499:2: warning: Added loop label VITIS_LOOP_187_1:   [xilinx-label-all-loops]
 for (int i = 0; i < CONFIG_T::height * CONFIG_T::width / data_T::size; i++) {
 ^~~
 VITIS_LOOP_187_1: 
/homes/e24berti/Gesture_FPGA/hls_gesture_project/myproject_prj/solution1/.autopilot/db/myproject.pp.0.cpp:57499:2: note: FIX-IT applied suggested code changes
/homes/e24berti/Gesture_FPGA/hls_gesture_project/myproject_prj/solution1/.autopilot/db/myproject.pp.0.cpp:57502:9: warning: Added loop label VITIS_LOOP_190_2:   [xilinx-label-all-loops]
        for (int j = 0; j < data_T::size; j++) {
        ^~~
        VITIS_LOOP_190_2: 
/homes/e24berti/Gesture_FPGA/hls_gesture_project/myproject_prj/solution1/.autopilot/db/myproject.pp.0.cpp:57502:9: note: FIX-IT applied suggested code changes
/homes/e24berti/Gesture_FPGA/hls_gesture_project/myproject_prj/solution1/.autopilot/db/myproject.pp.0.cpp:57507:5: warning: Added loop label VITIS_LOOP_195_3:   [xilinx-label-all-loops]
    for (int i = 0; i < CONFIG_T::height * CONFIG_T::width / res_T::size; i++) {
    ^~~
    VITIS_LOOP_195_3: 
/homes/e24berti/Gesture_FPGA/hls_gesture_project/myproject_prj/solution1/.autopilot/db/myproject.pp.0.cpp:57507:5: note: FIX-IT applied suggested code changes
/homes/e24berti/Gesture_FPGA/hls_gesture_project/myproject_prj/solution1/.autopilot/db/myproject.pp.0.cpp:57511:9: warning: Added loop label VITIS_LOOP_199_4:   [xilinx-label-all-loops]
        for (int j = 0; j < res_T::size; j++) {
        ^~~
        VITIS_LOOP_199_4: 
/homes/e24berti/Gesture_FPGA/hls_gesture_project/myproject_prj/solution1/.autopilot/db/myproject.pp.0.cpp:57511:9: note: FIX-IT applied suggested code changes
/homes/e24berti/Gesture_FPGA/hls_gesture_project/myproject_prj/solution1/.autopilot/db/myproject.pp.0.cpp:57725:9: warning: Added loop label VITIS_LOOP_213_1:   [xilinx-label-all-loops]
        for (unsigned j = 0; j < data_T::size; j++) {
        ^~~
        VITIS_LOOP_213_1: 
/homes/e24berti/Gesture_FPGA/hls_gesture_project/myproject_prj/solution1/.autopilot/db/myproject.pp.0.cpp:57725:9: note: FIX-IT applied suggested code changes
/homes/e24berti/Gesture_FPGA/hls_gesture_project/myproject_prj/solution1/.autopilot/db/myproject.pp.0.cpp:57734:9: warning: Added loop label VITIS_LOOP_222_2:   [xilinx-label-all-loops]
        for (unsigned j = 0; j < data_T::size; j++) {
        ^~~
        VITIS_LOOP_222_2: 
/homes/e24berti/Gesture_FPGA/hls_gesture_project/myproject_prj/solution1/.autopilot/db/myproject.pp.0.cpp:57734:9: note: FIX-IT applied suggested code changes
/homes/e24berti/Gesture_FPGA/hls_gesture_project/myproject_prj/solution1/.autopilot/db/myproject.pp.0.cpp:57840:5: warning: Added loop label VITIS_LOOP_328_1:   [xilinx-label-all-loops]
    for (int i = 0; i < CONFIG_T::n_in / res_T::size; i++) {
    ^~~
    VITIS_LOOP_328_1: 
/homes/e24berti/Gesture_FPGA/hls_gesture_project/myproject_prj/solution1/.autopilot/db/myproject.pp.0.cpp:57840:5: note: FIX-IT applied suggested code changes
/homes/e24berti/Gesture_FPGA/hls_gesture_project/myproject_prj/solution1/.autopilot/db/myproject.pp.0.cpp:57845:9: warning: Added loop label VITIS_LOOP_333_2:   [xilinx-label-all-loops]
        for (int i = 0; i < res_T::size; i++) {
        ^~~
        VITIS_LOOP_333_2: 
/homes/e24berti/Gesture_FPGA/hls_gesture_project/myproject_prj/solution1/.autopilot/db/myproject.pp.0.cpp:57845:9: note: FIX-IT applied suggested code changes
/homes/e24berti/Gesture_FPGA/hls_gesture_project/myproject_prj/solution1/.autopilot/db/myproject.pp.0.cpp:57853:9: warning: Added loop label VITIS_LOOP_341_3:   [xilinx-label-all-loops]
        for (int i = 1; i < res_T::size; i++) {
        ^~~
        VITIS_LOOP_341_3: 
/homes/e24berti/Gesture_FPGA/hls_gesture_project/myproject_prj/solution1/.autopilot/db/myproject.pp.0.cpp:57853:9: note: FIX-IT applied suggested code changes
/homes/e24berti/Gesture_FPGA/hls_gesture_project/myproject_prj/solution1/.autopilot/db/myproject.pp.0.cpp:59092:9: warning: Added loop label VITIS_LOOP_64_1:   [xilinx-label-all-loops]
        for (unsigned i = 0; i < __SHIFT_DEPTH__; ++i)
        ^~~
        VITIS_LOOP_64_1: 
/homes/e24berti/Gesture_FPGA/hls_gesture_project/myproject_prj/solution1/.autopilot/db/myproject.pp.0.cpp:59092:9: note: FIX-IT applied suggested code changes
/homes/e24berti/Gesture_FPGA/hls_gesture_project/myproject_prj/solution1/.autopilot/db/myproject.pp.0.cpp:59099:9: warning: Added loop label VITIS_LOOP_71_1:   [xilinx-label-all-loops]
        for (unsigned i = 0; i < __SHIFT_DEPTH__; ++i)
        ^~~
        VITIS_LOOP_71_1: 
/homes/e24berti/Gesture_FPGA/hls_gesture_project/myproject_prj/solution1/.autopilot/db/myproject.pp.0.cpp:59099:9: note: FIX-IT applied suggested code changes
/homes/e24berti/Gesture_FPGA/hls_gesture_project/myproject_prj/solution1/.autopilot/db/myproject.pp.0.cpp:59566:5: warning: Added loop label VITIS_LOOP_38_1:   [xilinx-label-all-loops]
    for (unsigned i_out = 0; i_out < CONFIG_T::filt_height * CONFIG_T::filt_width * CONFIG_T::n_chan; i_out++) {
    ^~~
    VITIS_LOOP_38_1: 
/homes/e24berti/Gesture_FPGA/hls_gesture_project/myproject_prj/solution1/.autopilot/db/myproject.pp.0.cpp:59566:5: note: FIX-IT applied suggested code changes
/homes/e24berti/Gesture_FPGA/hls_gesture_project/myproject_prj/solution1/.autopilot/db/myproject.pp.0.cpp:59657:5: warning: Added loop label VITIS_LOOP_14_1:   [xilinx-label-all-loops]
    for (unsigned k = 0; k < CONFIG_T::n_out; k++) {
    ^~~
    VITIS_LOOP_14_1: 
/homes/e24berti/Gesture_FPGA/hls_gesture_project/myproject_prj/solution1/.autopilot/db/myproject.pp.0.cpp:59657:5: note: FIX-IT applied suggested code changes
/homes/e24berti/Gesture_FPGA/hls_gesture_project/myproject_prj/solution1/.autopilot/db/myproject.pp.0.cpp:59717:9: warning: Added loop label VITIS_LOOP_74_1:   [xilinx-label-all-loops]
        for (int im = 0; im < CONFIG_T::n_out; im++) {
        ^~~
        VITIS_LOOP_74_1: 
/homes/e24berti/Gesture_FPGA/hls_gesture_project/myproject_prj/solution1/.autopilot/db/myproject.pp.0.cpp:59717:9: note: FIX-IT applied suggested code changes
/homes/e24berti/Gesture_FPGA/hls_gesture_project/myproject_prj/solution1/.autopilot/db/myproject.pp.0.cpp:59824:2: warning: Added loop label VITIS_LOOP_20_1:   [xilinx-label-all-loops]
 for (int j = 0; j < CONFIG_T::n_chan; j++) {
 ^~~
 VITIS_LOOP_20_1: 
/homes/e24berti/Gesture_FPGA/hls_gesture_project/myproject_prj/solution1/.autopilot/db/myproject.pp.0.cpp:59824:2: note: FIX-IT applied suggested code changes
/homes/e24berti/Gesture_FPGA/hls_gesture_project/myproject_prj/solution1/.autopilot/db/myproject.pp.0.cpp:59825:9: warning: Added loop label VITIS_LOOP_21_2:   [xilinx-label-all-loops]
        for (int i = 0; i < CONFIG_T::pad_left; i++) {
        ^~~
        VITIS_LOOP_21_2: 
/homes/e24berti/Gesture_FPGA/hls_gesture_project/myproject_prj/solution1/.autopilot/db/myproject.pp.0.cpp:59825:9: note: FIX-IT applied suggested code changes
/homes/e24berti/Gesture_FPGA/hls_gesture_project/myproject_prj/solution1/.autopilot/db/myproject.pp.0.cpp:59829:9: warning: Added loop label VITIS_LOOP_25_3:   [xilinx-label-all-loops]
        for (int i = 0; i < CONFIG_T::in_width; i++) {
        ^~~
        VITIS_LOOP_25_3: 
/homes/e24berti/Gesture_FPGA/hls_gesture_project/myproject_prj/solution1/.autopilot/db/myproject.pp.0.cpp:59829:9: note: FIX-IT applied suggested code changes
/homes/e24berti/Gesture_FPGA/hls_gesture_project/myproject_prj/solution1/.autopilot/db/myproject.pp.0.cpp:59833:9: warning: Added loop label VITIS_LOOP_29_4:   [xilinx-label-all-loops]
        for (int i = 0; i < CONFIG_T::pad_right; i++) {
        ^~~
        VITIS_LOOP_29_4: 
/homes/e24berti/Gesture_FPGA/hls_gesture_project/myproject_prj/solution1/.autopilot/db/myproject.pp.0.cpp:59833:9: note: FIX-IT applied suggested code changes
/homes/e24berti/Gesture_FPGA/hls_gesture_project/myproject_prj/solution1/.autopilot/db/myproject.pp.0.cpp:59843:2: warning: Added loop label VITIS_LOOP_39_1:   [xilinx-label-all-loops]
 for (int i = 0; i < CONFIG_T::pad_left; i++) {
 ^~~
 VITIS_LOOP_39_1: 
/homes/e24berti/Gesture_FPGA/hls_gesture_project/myproject_prj/solution1/.autopilot/db/myproject.pp.0.cpp:59843:2: note: FIX-IT applied suggested code changes
/homes/e24berti/Gesture_FPGA/hls_gesture_project/myproject_prj/solution1/.autopilot/db/myproject.pp.0.cpp:59844:9: warning: Added loop label VITIS_LOOP_40_2:   [xilinx-label-all-loops]
        for (int j = 0; j < CONFIG_T::n_chan; j++) {
        ^~~
        VITIS_LOOP_40_2: 
/homes/e24berti/Gesture_FPGA/hls_gesture_project/myproject_prj/solution1/.autopilot/db/myproject.pp.0.cpp:59844:9: note: FIX-IT applied suggested code changes
/homes/e24berti/Gesture_FPGA/hls_gesture_project/myproject_prj/solution1/.autopilot/db/myproject.pp.0.cpp:59849:5: warning: Added loop label VITIS_LOOP_45_3:   [xilinx-label-all-loops]
    for (int i = 0; i < CONFIG_T::in_width; i++) {
    ^~~
    VITIS_LOOP_45_3: 
/homes/e24berti/Gesture_FPGA/hls_gesture_project/myproject_prj/solution1/.autopilot/db/myproject.pp.0.cpp:59849:5: note: FIX-IT applied suggested code changes
/homes/e24berti/Gesture_FPGA/hls_gesture_project/myproject_prj/solution1/.autopilot/db/myproject.pp.0.cpp:59850:9: warning: Added loop label VITIS_LOOP_46_4:   [xilinx-label-all-loops]
        for (int j = 0; j < CONFIG_T::n_chan; j++) {
        ^~~
        VITIS_LOOP_46_4: 
/homes/e24berti/Gesture_FPGA/hls_gesture_project/myproject_prj/solution1/.autopilot/db/myproject.pp.0.cpp:59850:9: note: FIX-IT applied suggested code changes
/homes/e24berti/Gesture_FPGA/hls_gesture_project/myproject_prj/solution1/.autopilot/db/myproject.pp.0.cpp:59855:5: warning: Added loop label VITIS_LOOP_51_5:   [xilinx-label-all-loops]
    for (int i = 0; i < CONFIG_T::pad_right; i++) {
    ^~~
    VITIS_LOOP_51_5: 
/homes/e24berti/Gesture_FPGA/hls_gesture_project/myproject_prj/solution1/.autopilot/db/myproject.pp.0.cpp:59855:5: note: FIX-IT applied suggested code changes
/homes/e24berti/Gesture_FPGA/hls_gesture_project/myproject_prj/solution1/.autopilot/db/myproject.pp.0.cpp:59856:9: warning: Added loop label VITIS_LOOP_52_6:   [xilinx-label-all-loops]
        for (int j = 0; j < CONFIG_T::n_chan; j++) {
        ^~~
        VITIS_LOOP_52_6: 
/homes/e24berti/Gesture_FPGA/hls_gesture_project/myproject_prj/solution1/.autopilot/db/myproject.pp.0.cpp:59856:9: note: FIX-IT applied suggested code changes
/homes/e24berti/Gesture_FPGA/hls_gesture_project/myproject_prj/solution1/.autopilot/db/myproject.pp.0.cpp:59879:2: warning: Added loop label VITIS_LOOP_75_1:   [xilinx-label-all-loops]
 for (int k = 0; k < CONFIG_T::n_chan; k++) {
 ^~~
 VITIS_LOOP_75_1: 
/homes/e24berti/Gesture_FPGA/hls_gesture_project/myproject_prj/solution1/.autopilot/db/myproject.pp.0.cpp:59879:2: note: FIX-IT applied suggested code changes
/homes/e24berti/Gesture_FPGA/hls_gesture_project/myproject_prj/solution1/.autopilot/db/myproject.pp.0.cpp:59881:9: warning: Added loop label VITIS_LOOP_77_2:   [xilinx-label-all-loops]
        for (int i = 0; i < CONFIG_T::pad_top; i++) {
        ^~~
        VITIS_LOOP_77_2: 
/homes/e24berti/Gesture_FPGA/hls_gesture_project/myproject_prj/solution1/.autopilot/db/myproject.pp.0.cpp:59881:9: note: FIX-IT applied suggested code changes
/homes/e24berti/Gesture_FPGA/hls_gesture_project/myproject_prj/solution1/.autopilot/db/myproject.pp.0.cpp:59882:13: warning: Added loop label VITIS_LOOP_78_3:   [xilinx-label-all-loops]
            for (int j = 0; j < CONFIG_T::out_width; j++) {
            ^~~
            VITIS_LOOP_78_3: 
/homes/e24berti/Gesture_FPGA/hls_gesture_project/myproject_prj/solution1/.autopilot/db/myproject.pp.0.cpp:59882:13: note: FIX-IT applied suggested code changes
/homes/e24berti/Gesture_FPGA/hls_gesture_project/myproject_prj/solution1/.autopilot/db/myproject.pp.0.cpp:59887:9: warning: Added loop label VITIS_LOOP_83_4:   [xilinx-label-all-loops]
        for (int i = 0; i < CONFIG_T::in_height; i++) {
        ^~~
        VITIS_LOOP_83_4: 
/homes/e24berti/Gesture_FPGA/hls_gesture_project/myproject_prj/solution1/.autopilot/db/myproject.pp.0.cpp:59887:9: note: FIX-IT applied suggested code changes
/homes/e24berti/Gesture_FPGA/hls_gesture_project/myproject_prj/solution1/.autopilot/db/myproject.pp.0.cpp:59888:13: warning: Added loop label VITIS_LOOP_84_5:   [xilinx-label-all-loops]
            for (int j = 0; j < CONFIG_T::pad_left; j++) {
            ^~~
            VITIS_LOOP_84_5: 
/homes/e24berti/Gesture_FPGA/hls_gesture_project/myproject_prj/solution1/.autopilot/db/myproject.pp.0.cpp:59888:13: note: FIX-IT applied suggested code changes
/homes/e24berti/Gesture_FPGA/hls_gesture_project/myproject_prj/solution1/.autopilot/db/myproject.pp.0.cpp:59891:13: warning: Added loop label VITIS_LOOP_87_6:   [xilinx-label-all-loops]
            for (int j = 0; j < CONFIG_T::in_width; j++) {
            ^~~
            VITIS_LOOP_87_6: 
/homes/e24berti/Gesture_FPGA/hls_gesture_project/myproject_prj/solution1/.autopilot/db/myproject.pp.0.cpp:59891:13: note: FIX-IT applied suggested code changes
/homes/e24berti/Gesture_FPGA/hls_gesture_project/myproject_prj/solution1/.autopilot/db/myproject.pp.0.cpp:59894:13: warning: Added loop label VITIS_LOOP_90_7:   [xilinx-label-all-loops]
            for (int j = 0; j < CONFIG_T::pad_right; j++) {
            ^~~
            VITIS_LOOP_90_7: 
/homes/e24berti/Gesture_FPGA/hls_gesture_project/myproject_prj/solution1/.autopilot/db/myproject.pp.0.cpp:59894:13: note: FIX-IT applied suggested code changes
/homes/e24berti/Gesture_FPGA/hls_gesture_project/myproject_prj/solution1/.autopilot/db/myproject.pp.0.cpp:59899:9: warning: Added loop label VITIS_LOOP_95_8:   [xilinx-label-all-loops]
        for (int i = 0; i < CONFIG_T::pad_bottom; i++) {
        ^~~
        VITIS_LOOP_95_8: 
/homes/e24berti/Gesture_FPGA/hls_gesture_project/myproject_prj/solution1/.autopilot/db/myproject.pp.0.cpp:59899:9: note: FIX-IT applied suggested code changes
/homes/e24berti/Gesture_FPGA/hls_gesture_project/myproject_prj/solution1/.autopilot/db/myproject.pp.0.cpp:59900:13: warning: Added loop label VITIS_LOOP_96_9:   [xilinx-label-all-loops]
            for (int j = 0; j < CONFIG_T::out_width; j++) {
            ^~~
            VITIS_LOOP_96_9: 
/homes/e24berti/Gesture_FPGA/hls_gesture_project/myproject_prj/solution1/.autopilot/db/myproject.pp.0.cpp:59900:13: note: FIX-IT applied suggested code changes
/homes/e24berti/Gesture_FPGA/hls_gesture_project/myproject_prj/solution1/.autopilot/db/myproject.pp.0.cpp:59912:2: warning: Added loop label VITIS_LOOP_108_1:   [xilinx-label-all-loops]
 for (int i = 0; i < CONFIG_T::pad_top; i++) {
 ^~~
 VITIS_LOOP_108_1: 
/homes/e24berti/Gesture_FPGA/hls_gesture_project/myproject_prj/solution1/.autopilot/db/myproject.pp.0.cpp:59912:2: note: FIX-IT applied suggested code changes
/homes/e24berti/Gesture_FPGA/hls_gesture_project/myproject_prj/solution1/.autopilot/db/myproject.pp.0.cpp:59913:9: warning: Added loop label VITIS_LOOP_109_2:   [xilinx-label-all-loops]
        for (int j = 0; j < CONFIG_T::out_width; j++) {
        ^~~
        VITIS_LOOP_109_2: 
/homes/e24berti/Gesture_FPGA/hls_gesture_project/myproject_prj/solution1/.autopilot/db/myproject.pp.0.cpp:59913:9: note: FIX-IT applied suggested code changes
/homes/e24berti/Gesture_FPGA/hls_gesture_project/myproject_prj/solution1/.autopilot/db/myproject.pp.0.cpp:59914:13: warning: Added loop label VITIS_LOOP_110_3:   [xilinx-label-all-loops]
            for (int k = 0; k < CONFIG_T::n_chan; k++) {
            ^~~
            VITIS_LOOP_110_3: 
/homes/e24berti/Gesture_FPGA/hls_gesture_project/myproject_prj/solution1/.autopilot/db/myproject.pp.0.cpp:59914:13: note: FIX-IT applied suggested code changes
/homes/e24berti/Gesture_FPGA/hls_gesture_project/myproject_prj/solution1/.autopilot/db/myproject.pp.0.cpp:59920:5: warning: Added loop label VITIS_LOOP_116_4:   [xilinx-label-all-loops]
    for (int i = 0; i < CONFIG_T::in_height; i++) {
    ^~~
    VITIS_LOOP_116_4: 
/homes/e24berti/Gesture_FPGA/hls_gesture_project/myproject_prj/solution1/.autopilot/db/myproject.pp.0.cpp:59920:5: note: FIX-IT applied suggested code changes
/homes/e24berti/Gesture_FPGA/hls_gesture_project/myproject_prj/solution1/.autopilot/db/myproject.pp.0.cpp:59921:9: warning: Added loop label VITIS_LOOP_117_5:   [xilinx-label-all-loops]
        for (int j = 0; j < CONFIG_T::pad_left; j++) {
        ^~~
        VITIS_LOOP_117_5: 
/homes/e24berti/Gesture_FPGA/hls_gesture_project/myproject_prj/solution1/.autopilot/db/myproject.pp.0.cpp:59921:9: note: FIX-IT applied suggested code changes
/homes/e24berti/Gesture_FPGA/hls_gesture_project/myproject_prj/solution1/.autopilot/db/myproject.pp.0.cpp:59922:13: warning: Added loop label VITIS_LOOP_118_6:   [xilinx-label-all-loops]
            for (int k = 0; k < CONFIG_T::n_chan; k++) {
            ^~~
            VITIS_LOOP_118_6: 
/homes/e24berti/Gesture_FPGA/hls_gesture_project/myproject_prj/solution1/.autopilot/db/myproject.pp.0.cpp:59922:13: note: FIX-IT applied suggested code changes
/homes/e24berti/Gesture_FPGA/hls_gesture_project/myproject_prj/solution1/.autopilot/db/myproject.pp.0.cpp:59926:9: warning: Added loop label VITIS_LOOP_122_7:   [xilinx-label-all-loops]
        for (int j = 0; j < CONFIG_T::in_width; j++) {
        ^~~
        VITIS_LOOP_122_7: 
/homes/e24berti/Gesture_FPGA/hls_gesture_project/myproject_prj/solution1/.autopilot/db/myproject.pp.0.cpp:59926:9: note: FIX-IT applied suggested code changes
/homes/e24berti/Gesture_FPGA/hls_gesture_project/myproject_prj/solution1/.autopilot/db/myproject.pp.0.cpp:59927:13: warning: Added loop label VITIS_LOOP_123_8:   [xilinx-label-all-loops]
            for (int k = 0; k < CONFIG_T::n_chan; k++) {
            ^~~
            VITIS_LOOP_123_8: 
/homes/e24berti/Gesture_FPGA/hls_gesture_project/myproject_prj/solution1/.autopilot/db/myproject.pp.0.cpp:59927:13: note: FIX-IT applied suggested code changes
/homes/e24berti/Gesture_FPGA/hls_gesture_project/myproject_prj/solution1/.autopilot/db/myproject.pp.0.cpp:59931:9: warning: Added loop label VITIS_LOOP_127_9:   [xilinx-label-all-loops]
        for (int j = 0; j < CONFIG_T::pad_right; j++) {
        ^~~
        VITIS_LOOP_127_9: 
/homes/e24berti/Gesture_FPGA/hls_gesture_project/myproject_prj/solution1/.autopilot/db/myproject.pp.0.cpp:59931:9: note: FIX-IT applied suggested code changes
/homes/e24berti/Gesture_FPGA/hls_gesture_project/myproject_prj/solution1/.autopilot/db/myproject.pp.0.cpp:59932:13: warning: Added loop label VITIS_LOOP_128_10:   [xilinx-label-all-loops]
            for (int k = 0; k < CONFIG_T::n_chan; k++) {
            ^~~
            VITIS_LOOP_128_10: 
/homes/e24berti/Gesture_FPGA/hls_gesture_project/myproject_prj/solution1/.autopilot/db/myproject.pp.0.cpp:59932:13: note: FIX-IT applied suggested code changes
/homes/e24berti/Gesture_FPGA/hls_gesture_project/myproject_prj/solution1/.autopilot/db/myproject.pp.0.cpp:59938:5: warning: Added loop label VITIS_LOOP_134_11:   [xilinx-label-all-loops]
    for (int i = 0; i < CONFIG_T::pad_bottom; i++) {
    ^~~
    VITIS_LOOP_134_11: 
/homes/e24berti/Gesture_FPGA/hls_gesture_project/myproject_prj/solution1/.autopilot/db/myproject.pp.0.cpp:59938:5: note: FIX-IT applied suggested code changes
/homes/e24berti/Gesture_FPGA/hls_gesture_project/myproject_prj/solution1/.autopilot/db/myproject.pp.0.cpp:59939:9: warning: Added loop label VITIS_LOOP_135_12:   [xilinx-label-all-loops]
        for (int j = 0; j < CONFIG_T::out_width; j++) {
        ^~~
        VITIS_LOOP_135_12: 
/homes/e24berti/Gesture_FPGA/hls_gesture_project/myproject_prj/solution1/.autopilot/db/myproject.pp.0.cpp:59939:9: note: FIX-IT applied suggested code changes
/homes/e24berti/Gesture_FPGA/hls_gesture_project/myproject_prj/solution1/.autopilot/db/myproject.pp.0.cpp:59940:13: warning: Added loop label VITIS_LOOP_136_13:   [xilinx-label-all-loops]
            for (int k = 0; k < CONFIG_T::n_chan; k++) {
            ^~~
            VITIS_LOOP_136_13: 
/homes/e24berti/Gesture_FPGA/hls_gesture_project/myproject_prj/solution1/.autopilot/db/myproject.pp.0.cpp:59940:13: note: FIX-IT applied suggested code changes
/homes/e24berti/Gesture_FPGA/hls_gesture_project/myproject_prj/solution1/.autopilot/db/myproject.pp.0.cpp:59961:5: warning: Added loop label VITIS_LOOP_11_1:   [xilinx-label-all-loops]
    for (int c = 0; c < CONFIG_T::n_chan; c++) {
    ^~~
    VITIS_LOOP_11_1: 
/homes/e24berti/Gesture_FPGA/hls_gesture_project/myproject_prj/solution1/.autopilot/db/myproject.pp.0.cpp:59961:5: note: FIX-IT applied suggested code changes
/homes/e24berti/Gesture_FPGA/hls_gesture_project/myproject_prj/solution1/.autopilot/db/myproject.pp.0.cpp:59972:5: warning: Added loop label VITIS_LOOP_22_1:   [xilinx-label-all-loops]
    for (int c = 0; c < CONFIG_T::n_chan; c++) {
    ^~~
    VITIS_LOOP_22_1: 
/homes/e24berti/Gesture_FPGA/hls_gesture_project/myproject_prj/solution1/.autopilot/db/myproject.pp.0.cpp:59972:5: note: FIX-IT applied suggested code changes
/homes/e24berti/Gesture_FPGA/hls_gesture_project/myproject_prj/solution1/.autopilot/db/myproject.pp.0.cpp:60047:5: warning: Added loop label VITIS_LOOP_12_1:   [xilinx-label-all-loops]
    for (int i = 1; i < N; i++) {
    ^~~
    VITIS_LOOP_12_1: 
/homes/e24berti/Gesture_FPGA/hls_gesture_project/myproject_prj/solution1/.autopilot/db/myproject.pp.0.cpp:60047:5: note: FIX-IT applied suggested code changes
/homes/e24berti/Gesture_FPGA/hls_gesture_project/myproject_prj/solution1/.autopilot/db/myproject.pp.0.cpp:60056:5: warning: Added loop label VITIS_LOOP_21_1:   [xilinx-label-all-loops]
    for (int i = 0; i < N; i++) {
    ^~~
    VITIS_LOOP_21_1: 
/homes/e24berti/Gesture_FPGA/hls_gesture_project/myproject_prj/solution1/.autopilot/db/myproject.pp.0.cpp:60056:5: note: FIX-IT applied suggested code changes
/homes/e24berti/Gesture_FPGA/hls_gesture_project/myproject_prj/solution1/.autopilot/db/myproject.pp.0.cpp:60068:5: warning: Added loop label VITIS_LOOP_33_1:   [xilinx-label-all-loops]
    for (int i = 0; i < N; i++) {
    ^~~
    VITIS_LOOP_33_1: 
/homes/e24berti/Gesture_FPGA/hls_gesture_project/myproject_prj/solution1/.autopilot/db/myproject.pp.0.cpp:60068:5: note: FIX-IT applied suggested code changes
/homes/e24berti/Gesture_FPGA/hls_gesture_project/myproject_prj/solution1/.autopilot/db/myproject.pp.0.cpp:60080:5: warning: Added loop label VITIS_LOOP_45_1:   [xilinx-label-all-loops]
    for (int i = 0; i < N; i++) {
    ^~~
    VITIS_LOOP_45_1: 
/homes/e24berti/Gesture_FPGA/hls_gesture_project/myproject_prj/solution1/.autopilot/db/myproject.pp.0.cpp:60080:5: note: FIX-IT applied suggested code changes
/homes/e24berti/Gesture_FPGA/hls_gesture_project/myproject_prj/solution1/.autopilot/db/myproject.pp.0.cpp:60149:5: warning: Added loop label VITIS_LOOP_114_1:   [xilinx-label-all-loops]
    for (int ff = 0; ff < CONFIG_T::n_filt; ff++) {
    ^~~
    VITIS_LOOP_114_1: 
/homes/e24berti/Gesture_FPGA/hls_gesture_project/myproject_prj/solution1/.autopilot/db/myproject.pp.0.cpp:60149:5: note: FIX-IT applied suggested code changes
/homes/e24berti/Gesture_FPGA/hls_gesture_project/myproject_prj/solution1/.autopilot/db/myproject.pp.0.cpp:60151:9: warning: Added loop label VITIS_LOOP_116_2:   [xilinx-label-all-loops]
        for (int ii = 0; ii < padded_width; ii += CONFIG_T::stride_width) {
        ^~~
        VITIS_LOOP_116_2: 
/homes/e24berti/Gesture_FPGA/hls_gesture_project/myproject_prj/solution1/.autopilot/db/myproject.pp.0.cpp:60151:9: note: FIX-IT applied suggested code changes
/homes/e24berti/Gesture_FPGA/hls_gesture_project/myproject_prj/solution1/.autopilot/db/myproject.pp.0.cpp:60157:13: warning: Added loop label VITIS_LOOP_122_3:   [xilinx-label-all-loops]
            for (int jj = 0; jj < CONFIG_T::stride_width; jj++) {
            ^~~
            VITIS_LOOP_122_3: 
/homes/e24berti/Gesture_FPGA/hls_gesture_project/myproject_prj/solution1/.autopilot/db/myproject.pp.0.cpp:60157:13: note: FIX-IT applied suggested code changes
/homes/e24berti/Gesture_FPGA/hls_gesture_project/myproject_prj/solution1/.autopilot/db/myproject.pp.0.cpp:60193:2: warning: Added loop label VITIS_LOOP_158_1:   [xilinx-label-all-loops]
 for (int ff = 0; ff < CONFIG_T::n_filt; ff++) {
 ^~~
 VITIS_LOOP_158_1: 
/homes/e24berti/Gesture_FPGA/hls_gesture_project/myproject_prj/solution1/.autopilot/db/myproject.pp.0.cpp:60193:2: note: FIX-IT applied suggested code changes
/homes/e24berti/Gesture_FPGA/hls_gesture_project/myproject_prj/solution1/.autopilot/db/myproject.pp.0.cpp:60196:2: warning: Added loop label VITIS_LOOP_161_2:   [xilinx-label-all-loops]
 for (int jj = 0; jj < CONFIG_T::n_in; jj++) {
 ^~~
 VITIS_LOOP_161_2: 
/homes/e24berti/Gesture_FPGA/hls_gesture_project/myproject_prj/solution1/.autopilot/db/myproject.pp.0.cpp:60196:2: note: FIX-IT applied suggested code changes
/homes/e24berti/Gesture_FPGA/hls_gesture_project/myproject_prj/solution1/.autopilot/db/myproject.pp.0.cpp:60250:5: warning: Added loop label VITIS_LOOP_215_1:   [xilinx-label-all-loops]
    for (int ff = 0; ff < CONFIG_T::n_filt; ff++) {
    ^~~
    VITIS_LOOP_215_1: 
/homes/e24berti/Gesture_FPGA/hls_gesture_project/myproject_prj/solution1/.autopilot/db/myproject.pp.0.cpp:60250:5: note: FIX-IT applied suggested code changes
/homes/e24berti/Gesture_FPGA/hls_gesture_project/myproject_prj/solution1/.autopilot/db/myproject.pp.0.cpp:60252:9: warning: Added loop label VITIS_LOOP_217_2:   [xilinx-label-all-loops]
        for (int ii = 0; ii < padded_height; ii += CONFIG_T::stride_height) {
        ^~~
        VITIS_LOOP_217_2: 
/homes/e24berti/Gesture_FPGA/hls_gesture_project/myproject_prj/solution1/.autopilot/db/myproject.pp.0.cpp:60252:9: note: FIX-IT applied suggested code changes
/homes/e24berti/Gesture_FPGA/hls_gesture_project/myproject_prj/solution1/.autopilot/db/myproject.pp.0.cpp:60254:13: warning: Added loop label VITIS_LOOP_219_3:   [xilinx-label-all-loops]
            for (int jj = 0; jj < padded_width; jj += CONFIG_T::stride_width) {
            ^~~
            VITIS_LOOP_219_3: 
/homes/e24berti/Gesture_FPGA/hls_gesture_project/myproject_prj/solution1/.autopilot/db/myproject.pp.0.cpp:60254:13: note: FIX-IT applied suggested code changes
/homes/e24berti/Gesture_FPGA/hls_gesture_project/myproject_prj/solution1/.autopilot/db/myproject.pp.0.cpp:60260:17: warning: Added loop label VITIS_LOOP_225_4:   [xilinx-label-all-loops]
                for (int kk = 0; kk < CONFIG_T::stride_height; kk++) {
                ^~~
                VITIS_LOOP_225_4: 
/homes/e24berti/Gesture_FPGA/hls_gesture_project/myproject_prj/solution1/.autopilot/db/myproject.pp.0.cpp:60260:17: note: FIX-IT applied suggested code changes
/homes/e24berti/Gesture_FPGA/hls_gesture_project/myproject_prj/solution1/.autopilot/db/myproject.pp.0.cpp:60262:21: warning: Added loop label VITIS_LOOP_227_5:   [xilinx-label-all-loops]
                    for (int ll = 0; ll < CONFIG_T::stride_width; ll++) {
                    ^~~
                    VITIS_LOOP_227_5: 
/homes/e24berti/Gesture_FPGA/hls_gesture_project/myproject_prj/solution1/.autopilot/db/myproject.pp.0.cpp:60262:21: note: FIX-IT applied suggested code changes
/homes/e24berti/Gesture_FPGA/hls_gesture_project/myproject_prj/solution1/.autopilot/db/myproject.pp.0.cpp:60311:5: warning: Added loop label VITIS_LOOP_276_1:   [xilinx-label-all-loops]
    for (int ff = 0; ff < CONFIG_T::n_filt; ff++) {
    ^~~
    VITIS_LOOP_276_1: 
/homes/e24berti/Gesture_FPGA/hls_gesture_project/myproject_prj/solution1/.autopilot/db/myproject.pp.0.cpp:60311:5: note: FIX-IT applied suggested code changes
/homes/e24berti/Gesture_FPGA/hls_gesture_project/myproject_prj/solution1/.autopilot/db/myproject.pp.0.cpp:60313:9: warning: Added loop label VITIS_LOOP_278_2:   [xilinx-label-all-loops]
        for (int ii = 0; ii < padded_height; ii += CONFIG_T::stride_height) {
        ^~~
        VITIS_LOOP_278_2: 
/homes/e24berti/Gesture_FPGA/hls_gesture_project/myproject_prj/solution1/.autopilot/db/myproject.pp.0.cpp:60313:9: note: FIX-IT applied suggested code changes
/homes/e24berti/Gesture_FPGA/hls_gesture_project/myproject_prj/solution1/.autopilot/db/myproject.pp.0.cpp:60315:13: warning: Added loop label VITIS_LOOP_280_3:   [xilinx-label-all-loops]
            for (int jj = 0; jj < padded_width; jj += CONFIG_T::stride_width) {
            ^~~
            VITIS_LOOP_280_3: 
/homes/e24berti/Gesture_FPGA/hls_gesture_project/myproject_prj/solution1/.autopilot/db/myproject.pp.0.cpp:60315:13: note: FIX-IT applied suggested code changes
/homes/e24berti/Gesture_FPGA/hls_gesture_project/myproject_prj/solution1/.autopilot/db/myproject.pp.0.cpp:60321:17: warning: Added loop label VITIS_LOOP_286_4:   [xilinx-label-all-loops]
                for (int kk = 0; kk < CONFIG_T::stride_height; kk++) {
                ^~~
                VITIS_LOOP_286_4: 
/homes/e24berti/Gesture_FPGA/hls_gesture_project/myproject_prj/solution1/.autopilot/db/myproject.pp.0.cpp:60321:17: note: FIX-IT applied suggested code changes
/homes/e24berti/Gesture_FPGA/hls_gesture_project/myproject_prj/solution1/.autopilot/db/myproject.pp.0.cpp:60323:21: warning: Added loop label VITIS_LOOP_288_5:   [xilinx-label-all-loops]
                    for (int ll = 0; ll < CONFIG_T::stride_width; ll++) {
                    ^~~
                    VITIS_LOOP_288_5: 
/homes/e24berti/Gesture_FPGA/hls_gesture_project/myproject_prj/solution1/.autopilot/db/myproject.pp.0.cpp:60323:21: note: FIX-IT applied suggested code changes
/homes/e24berti/Gesture_FPGA/hls_gesture_project/myproject_prj/solution1/.autopilot/db/myproject.pp.0.cpp:61225:5: warning: Added loop label VITIS_LOOP_30_1:   [xilinx-label-all-loops]
    for (unsigned ii = 0; ii < TABLE_SIZE; ii++) {
    ^~~
    VITIS_LOOP_30_1: 
/homes/e24berti/Gesture_FPGA/hls_gesture_project/myproject_prj/solution1/.autopilot/db/myproject.pp.0.cpp:61225:5: note: FIX-IT applied suggested code changes
/homes/e24berti/Gesture_FPGA/hls_gesture_project/myproject_prj/solution1/.autopilot/db/myproject.pp.0.cpp:61337:5: warning: Added loop label VITIS_LOOP_142_1:   [xilinx-label-all-loops]
    for (unsigned i_out = 0; i_out < CONFIG_T::pool_height * CONFIG_T::pool_width * CONFIG_T::n_filt; i_out++) {
    ^~~
    VITIS_LOOP_142_1: 
/homes/e24berti/Gesture_FPGA/hls_gesture_project/myproject_prj/solution1/.autopilot/db/myproject.pp.0.cpp:61337:5: note: FIX-IT applied suggested code changes
/homes/e24berti/Gesture_FPGA/hls_gesture_project/myproject_prj/solution1/.autopilot/db/myproject.pp.0.cpp:61554:5: warning: Added loop label VITIS_LOOP_359_1:   [xilinx-label-all-loops]
    for (unsigned i_out = 0; i_out < CONFIG_T::pool_width * CONFIG_T::n_filt; i_out++) {
    ^~~
    VITIS_LOOP_359_1: 
/homes/e24berti/Gesture_FPGA/hls_gesture_project/myproject_prj/solution1/.autopilot/db/myproject.pp.0.cpp:61554:5: note: FIX-IT applied suggested code changes
